// Jest Snapshot v1, https://goo.gl/fbAQLP

exports[`renders Button component 1`] = `
<button
  className="red"
  onClick={[Function]}
>
  NEXT
</button>
`;
