// Jest Snapshot v1, https://goo.gl/fbAQLP

exports[`renders Label component 1`] = `
<span
  className="label"
>
  <strong>
    Population
  </strong>
  : 
  100000
</span>
`;
